// Jest Snapshot v1, https://goo.gl/fbAQLP

exports[`SpeciesCard with no data matches snapshot 1`] = `
<div
  style={
    Object {
      "marginBottom": 0,
      "paddingBottom": "2rem",
      "textAlign": "center",
    }
  }
>
  <span
    style={
      Object {
        "fontSize": "600%",
      }
    }
  >
    <span
      className="icon icon-species"
      data-icon="❔"
      style={
        Object {
          "color": "black",
        }
      }
      title=""
    />
  </span>
</div>
`;
